// Jest Snapshot v1, https://goo.gl/fbAQLP

exports[`main.test render test CustomMap 1`] = `ShallowWrapper {}`;

exports[`main.test render test DisplayResult 1`] = `ShallowWrapper {}`;

exports[`main.test render test MainPage 1`] = `ShallowWrapper {}`;

exports[`main.test render test StolenBikeDetails 1`] = `ShallowWrapper {}`;
